contracts/BinaryPlan.sol: OK
contracts/FTIReserveToken.sol: OK
contracts/FTIRetirementReviewToken.sol: OK
contracts/FTIToken.sol: OK
contracts/FundedBinaryPlan.sol: OK
contracts/Governance.sol: OK
contracts/MockUSD.sol: OK
frontend/auto-buy-state.mjs: OK
frontend/controller.js: OK
frontend/exact-price.mjs: OK
frontend/main.jsx: OK
frontend/surfaces.js: OK
frontend/token-gas.mjs: OK
frontend/workspace-state.mjs: OK
scripts/build-web.mjs: OK
scripts/compile.mjs: OK
scripts/deploy-reserve.mjs: OK
scripts/deploy.mjs: OK
scripts/event-reader.mjs: OK
scripts/import-browser-deployment.mjs: OK
scripts/install-new-server.sh: OK
scripts/install-testnet-web.sh: OK
scripts/journey-sale.mjs: OK
scripts/keeper.mjs: OK
scripts/launch-server.mjs: OK
scripts/launcher-smoke.mjs: OK
scripts/lib.mjs: OK
scripts/local.mjs: OK
scripts/migration-backup.py: OK
scripts/migration-preflight.mjs: OK
scripts/migration-restore.py: OK
scripts/prepare-retirement-deployment.mjs: OK
scripts/render-domain-nginx.py: OK
scripts/reproduce-core-autobuy.mjs: OK
scripts/reserve-http-smoke.mjs: OK
scripts/server.mjs: OK
scripts/setup-domain.sh: OK
scripts/simulate-funded.mjs: OK
scripts/simulate-reserve.mjs: OK
scripts/simulate.mjs: OK
scripts/testnet-100.mjs: OK
scripts/testnet-journey.mjs: OK
scripts/ui-smoke.mjs: OK
scripts/update-unified-site.sh: OK
scripts/verify-retirement-review.mjs: OK
scripts/verify.mjs: OK
test/binary-buy-allowance.test.mjs: OK
test/core-autobuy.test.mjs: OK
test/core-solvency.test.mjs: OK
test/economic-adversary.test.mjs: OK
test/event-reader.test.mjs: OK
test/event-server.test.mjs: OK
test/exact-price.test.mjs: OK
test/fixtures/ClockReserveToken.sol: OK
test/fixtures/HostileUSD.sol: OK
test/fixtures/paid-rank-feature-suite.mjs: OK
test/fixtures/pre-combined-unsigned-pins.json.gz: OK
test/frontend-trade-quotes.test.mjs: OK
test/funded-collateral.test.mjs: OK
test/funded-economics.test.mjs: OK
test/funded-keeper.test.mjs: OK
test/funded-load.test.mjs: OK
test/funded-locks.test.mjs: OK
test/funded-reference.test.mjs: OK
test/governance-rotation.test.mjs: OK
test/immediate-auto-timing-edge.test.mjs: OK
test/immediate-auto-ui.test.mjs: OK
test/immediate-auto.test.mjs: OK
test/independent-monthly-audit.test.mjs: OK
test/independent-rank-boundaries.test.mjs: OK
test/integrated-binary-funding.test.mjs: OK
test/integrated-economics.test.mjs: OK
test/integrated-server-state.test.mjs: OK
test/journey-sale.test.mjs: OK
test/math.test.mjs: OK
test/migration.test.mjs: OK
test/paid-points-binary.test.mjs: OK
test/protocol.test.mjs: OK
test/rank-buy-capacity.test.mjs: OK
test/reserve-collateral.test.mjs: OK
test/reserve-load.test.mjs: OK
test/reserve-model.test.mjs: OK
test/reserve-token.test.mjs: OK
test/restart-policy.test.mjs: OK
test/retirement-deployment.test.mjs: OK
test/retirement-integrations.test.mjs: OK
test/retirement-load.test.mjs: OK
test/retirement-review.test.mjs: OK
test/retirement-server-state.test.mjs: OK
test/review-entrypoints.test.mjs: OK
test/revised-economics.test.mjs: OK
test/size-fee-proposal.test.mjs: OK
test/support-precision.test.mjs: OK
test/token-gas.test.mjs: OK
test/workspace-integration.test.mjs: OK
test/workspace-markup.test.mjs: OK
test/workspace-routing.test.mjs: OK
test/workspace-state.test.mjs: OK
test/zero-supply-quarantine.test.mjs: OK
