✔ exact 3% fee growth at reserve 1000000 (1.557683ms)
✔ exact 3% fee growth at reserve 1000000000 (0.245753ms)
✔ 6e-20 growth is visible without changing a floor-to-18 getter (0.235458ms)
✔ zero, negative, repeating and extreme deltas do not fabricate increments (0.451457ms)
✔ pinned snapshots and receipt-isolated delta verify hashes (0.648569ms)
✔ shared blocks, reorgs, unconfirmed receipts and failed RPC never produce deltas (0.768016ms)
✔ actual controller renderer uses calculated ratio; stale and terminal states are distinct (2.217119ms)
✔ one USD buy at P=.1 preserves the exact fee-derived change instead of rounding it to 3e-9 (0.260475ms)
✔ reserve buy fee and output share one block and exact amounts drive displayed minimum (3.220492ms)
✔ reserve sale displays sub-bps fee atoms without calling truncated legacy quoteSell (0.648789ms)
✔ historical full-supply or current emergency sale shows zero exact fee and one-atom outputs remain visible (0.390697ms)
✔ legacy token buys and sells need no reserve-only fee ABI and preserve quoted output (0.739674ms)
✔ quote failures remain failures rather than falling back to a guessed fee (0.805201ms)
✔ buy prerequisites do not block holder sales during pause/emergency or after transfers (0.448263ms)
✔ reserve policy labels and quote path remain distinct from legacy fee-rate display (0.443346ms)
✔ retirement ordinary terminal sales preserve exact net quote and slippage instead of assuming a free full exit (0.404909ms)
✔ rendered current-model policy text never describes an ordinary full exit as fee-free (0.673776ms)
✔ zero-supply lifecycle labels distinguish historical R=0 from a live quote and permanent retirement (0.445018ms)
✔ closed or retired token access blocks new funding before approval but does not block beneficiary sales or claims (0.690251ms)
✔ restart-capable ordinary zero supply permits funding and buys but permanent closure is separate (0.413271ms)
✔ default off and future next-hour intent are distinct from effective permission (1.491005ms)
✔ enable targets a future wall-clock boundary even during overdue settlement; opt-out stays immediate (0.762397ms)
✔ disconnected, stale and historical capability states cannot submit unsupported preferences (0.351851ms)
✔ inactive and scheduled requests cannot execute pending funds, but owner cash release remains (0.283058ms)
✔ copy explains bounded current-quote retries without a price cap, deadline or wallet re-debit promise (1.182929ms)
✔ all three entry points server-render a distinct labeled workspace and one initially visible page (58.242809ms)
✔ all controller literal DOM IDs exist and React markup contains no duplicate IDs (15.433911ms)
✔ form controls retain stable IDs, meaningful labels and current safety disclosures (14.255779ms)
✔ workspace paths use exact segments and each surface has a distinct navigation contract (2.950452ms)
✔ navigation uses history entries; repeated clicks do not duplicate entries (1.340582ms)
✔ deep links and unknown hashes render a valid local page without history loops (0.844028ms)
✔ cross-panel links preserve their target and activity remains in the current panel (0.261005ms)
✔ initial, failed and aged data are stale; successful recent data is actionable (0.902484ms)
✔ disconnected and stale states disable every write capability (0.342857ms)
✔ public callers are not council owners and membership does not grant governance (0.159696ms)
✔ funding waits for an open phase and unexpired epoch while cash claims remain accessible (0.204342ms)
✔ retired and paused lifecycle gating separates holder sales, transfers and new funding (0.214046ms)
✔ volume, hourly matching and allocation readiness reflect all exposed contract prerequisites (0.330108ms)
✔ monthly readiness requires calendar boundary and completed boundary-hour settlement (1.593306ms)
✔ proposal readiness prevents repeat approval and keeps execution permissionless at threshold (0.711722ms)
✔ timelock and wallet error states never infer a successful execution (0.723971ms)
ℹ tests 41
ℹ suites 0
ℹ pass 41
ℹ fail 0
ℹ cancelled 0
ℹ skipped 0
ℹ todo 0
ℹ duration_ms 372.312618
