npm warn Unknown env config "http-proxy". This will stop working in the next major version of npm.

> fti-protocol@0.2.0 compile
> node scripts/compile.mjs

BinaryPlan 19384 runtime bytes
Calendar 57 runtime bytes
IFTI 0 runtime bytes
FTIReserveToken 14000 runtime bytes
IReserveMembership 0 runtime bytes
FTIRetirementReviewToken 18979 runtime bytes
IRetirementCouncil 0 runtime bytes
IRetirementMembership 0 runtime bytes
IRetirementTimelock 0 runtime bytes
FTIToken 13427 runtime bytes
IBinary 0 runtime bytes
FundedBinaryPlan 21341 runtime bytes
Council 3721 runtime bytes
FTITimelock 5461 runtime bytes
MockUSD 1994 runtime bytes
npm notice
npm notice New major version of npm available! 11.9.0 -> 12.2.0
npm notice Changelog: https://github.com/npm/cli/releases/tag/v12.2.0
npm notice To update run: npm install -g npm@12.2.0
npm notice
